// Jest Snapshot v1, https://goo.gl/fbAQLP

exports[`Actor component renders a Actor by default 1`] = `
<div
  className="actor"
>
  <a
    href="https://www.themoviedb.org/person/undefined"
    rel="noopener noreferrer"
    target="_blank"
  >
    <img
      src="missing_image.png"
    />
  </a>
  <br />
  <strong />
  <br />
  <em />
</div>
`;
