// Jest Snapshot v1, https://goo.gl/fbAQLP

exports[`MovieReviews component renders the MovieReviews given context 1`] = `<MovieReviews />`;
