// Jest Snapshot v1, https://goo.gl/fbAQLP

exports[`SearchForm component renders a SearchForm by default 1`] = `
<ContextConsumer>
  <Component />
</ContextConsumer>
`;
