// Jest Snapshot v1, https://goo.gl/fbAQLP

exports[`YouTube component renders a YouTube video by default 1`] = `
<div
  className="video"
>
  <iframe
    frameBorder="0"
    src="https://www.youtube.com/embed/undefined"
  />
</div>
`;
